../Core/Src/main.c:143:5:main	16	static
../Core/Src/main.c:304:6:SystemClock_Config	88	static
../Core/Src/main.c:346:13:MX_SPI2_Init	8	static
../Core/Src/main.c:384:13:MX_GPIO_Init	40	static
../Core/Src/main.c:428:6:jump_to_application	24	static,ignoring_inline_asm
../Core/Src/main.c:448:7:cs_select	8	static
../Core/Src/main.c:452:7:cs_deselect	8	static
../Core/Src/main.c:456:7:cris_enter	16	static,ignoring_inline_asm
../Core/Src/main.c:460:7:cris_exit	16	static,ignoring_inline_asm
../Core/Src/main.c:464:9:spi_readbyte	16	static
../Core/Src/main.c:470:7:spi_writebyte	16	static
../Core/Src/main.c:474:7:spi_readburst	16	static
../Core/Src/main.c:478:7:spi_writeburst	16	static
../Core/Src/main.c:482:6:flash_erase	32	static
../Core/Src/main.c:503:6:flash_write_block	32	static
../Core/Src/main.c:532:17:bootloader_process_packet	32	static
../Core/Src/main.c:580:10:crc16	24	static
../Core/Src/main.c:599:6:verify_flash_crc	24	static
../Core/Src/main.c:622:6:Error_Handler	4	static,ignoring_inline_asm
