../Core/Src/main.c:143:5:main	16	static
../Core/Src/main.c:289:6:SystemClock_Config	88	static
../Core/Src/main.c:331:13:MX_SPI2_Init	8	static
../Core/Src/main.c:369:13:MX_GPIO_Init	40	static
../Core/Src/main.c:413:6:jump_to_application	24	static,ignoring_inline_asm
../Core/Src/main.c:433:7:cs_select	8	static
../Core/Src/main.c:437:7:cs_deselect	8	static
../Core/Src/main.c:441:7:cris_enter	16	static,ignoring_inline_asm
../Core/Src/main.c:445:7:cris_exit	16	static,ignoring_inline_asm
../Core/Src/main.c:449:9:spi_readbyte	16	static
../Core/Src/main.c:455:7:spi_writebyte	16	static
../Core/Src/main.c:459:7:spi_readburst	16	static
../Core/Src/main.c:463:7:spi_writeburst	16	static
../Core/Src/main.c:467:6:flash_erase	32	static
../Core/Src/main.c:489:6:flash_write_block	32	static
../Core/Src/main.c:518:17:bootloader_process_packet	32	static
../Core/Src/main.c:562:10:crc16	24	static
../Core/Src/main.c:582:6:verify_flash_crc	24	static
../Core/Src/main.c:606:6:Error_Handler	4	static,ignoring_inline_asm
