../Core/Src/main.c:141:5:main	16	static
../Core/Src/main.c:298:6:SystemClock_Config	88	static
../Core/Src/main.c:340:13:MX_SPI2_Init	8	static
../Core/Src/main.c:378:13:MX_GPIO_Init	40	static
../Core/Src/main.c:422:6:jump_to_application	24	static,ignoring_inline_asm
../Core/Src/main.c:442:7:cs_select	8	static
../Core/Src/main.c:446:7:cs_deselect	8	static
../Core/Src/main.c:450:7:cris_enter	16	static,ignoring_inline_asm
../Core/Src/main.c:454:7:cris_exit	16	static,ignoring_inline_asm
../Core/Src/main.c:458:9:spi_readbyte	16	static
../Core/Src/main.c:464:7:spi_writebyte	16	static
../Core/Src/main.c:468:7:spi_readburst	16	static
../Core/Src/main.c:472:7:spi_writeburst	16	static
../Core/Src/main.c:476:6:flash_erase	32	static
../Core/Src/main.c:497:6:flash_write_block	32	static
../Core/Src/main.c:526:17:bootloader_process_packet	32	static
../Core/Src/main.c:565:10:crc16	24	static
../Core/Src/main.c:584:6:verify_flash_crc	24	static
../Core/Src/main.c:607:6:Error_Handler	4	static,ignoring_inline_asm
